2026-08-01 19:49:59 | INFO | ML | === RUN START ===
2026-08-01 19:49:59 | INFO | ML | project=ML
2026-08-01 19:49:59 | INFO | ML | repo_dir=ml-05-ensembles
2026-08-01 19:49:59 | INFO | ML | python=3.14.2
2026-08-01 19:49:59 | INFO | ML | os=Windows 11
2026-08-01 19:49:59 | INFO | ML | shell=powershell
2026-08-01 19:49:59 | INFO | ML | cwd=.
2026-08-01 19:49:59 | INFO | ML | github_actions=False
2026-08-01 19:49:59 | INFO | ML | === RUN START ===
2026-08-01 19:49:59 | INFO | ML | project=ML
2026-08-01 19:49:59 | INFO | ML | repo_dir=ml-05-ensembles
2026-08-01 19:49:59 | INFO | ML | python=3.14.2
2026-08-01 19:49:59 | INFO | ML | os=Windows 11
2026-08-01 19:49:59 | INFO | ML | shell=powershell
2026-08-01 19:49:59 | INFO | ML | cwd=.
2026-08-01 19:49:59 | INFO | ML | github_actions=False
2026-08-01 19:49:59 | INFO | ML | ========================
2026-08-01 19:49:59 | INFO | ML | START main()
2026-08-01 19:49:59 | INFO | ML | ========================
2026-08-01 19:49:59 | INFO | ML | Load dataset..............
2026-08-01 19:49:59 | INFO | ML | Loading dataset: hours_scores_case
2026-08-01 19:49:59 | INFO | ML | Loaded: 10 rows, 6 columns
2026-08-01 19:49:59 | DEBUG | ML | 
   hours_studied  practice_quizzes  attendance_pct  sleep_hours  prior_score  score
0            2.0                 1              72          6.0           58     62
1            3.5                 2              80          6.5           61     68
2            4.0                 3              85          7.0           64     72
3            5.0                 3              88          7.5           66     76
4            6.0                 4              90          7.0           70     81
2026-08-01 19:49:59 | INFO | ML | Inspect dataset...........
2026-08-01 19:49:59 | INFO | ML | Column names
2026-08-01 19:49:59 | DEBUG | ML | ['hours_studied', 'practice_quizzes', 'attendance_pct', 'sleep_hours', 'prior_score', 'score']
2026-08-01 19:49:59 | INFO | ML | DataFrame info
2026-08-01 19:49:59 | INFO | ML | Dataset shape: 10 rows, 6 columns
2026-08-01 19:49:59 | INFO | ML | Check data quality........
2026-08-01 19:49:59 | INFO | ML | Missing values by column
2026-08-01 19:49:59 | DEBUG | ML | 
hours_studied       0
practice_quizzes    0
attendance_pct      0
sleep_hours         0
prior_score         0
score               0
dtype: int64
2026-08-01 19:49:59 | INFO | ML | Duplicate row count: 0
2026-08-01 19:49:59 | INFO | ML | Create clean view.........
2026-08-01 19:49:59 | INFO | ML | Creating clean modeling view
2026-08-01 19:49:59 | INFO | ML | Clean view: 10 rows, 6 columns
2026-08-01 19:49:59 | INFO | ML | Train supervised model....
2026-08-01 19:49:59 | INFO | ML | Training LinearRegression model
2026-08-01 19:49:59 | INFO | ML | Mean absolute error: 0.48
2026-08-01 19:49:59 | INFO | ML | R-squared: 1.00
2026-08-01 19:49:59 | INFO | ML | Predict one case..........
2026-08-01 19:49:59 | INFO | ML | Predicting one new case
2026-08-01 19:49:59 | INFO | ML | New case:
   hours_studied  practice_quizzes  attendance_pct  sleep_hours  prior_score
0            6.5                 4              92          7.0           72
2026-08-01 19:49:59 | INFO | ML | Predicted score: 83.4
2026-08-01 19:49:59 | INFO | ML | Create charts.............
2026-08-01 19:49:59 | INFO | ML | Creating chart: hours studied vs score
2026-08-01 19:49:59 | INFO | ML | Creating chart: model coefficients
2026-08-01 19:49:59 | INFO | ML | Got a figure Figure(900x500) and axes Axes(0.125,0.11;0.775x0.77) from plt.subplots().
2026-08-01 19:49:59 | INFO | ML | Summarize workflow........
2026-08-01 19:49:59 | INFO | ML | ========================
2026-08-01 19:49:59 | INFO | ML | SUMMARY
2026-08-01 19:49:59 | INFO | ML | ========================
2026-08-01 19:49:59 | INFO | ML | Dataset: hours_scores_case
2026-08-01 19:49:59 | INFO | ML | Original rows: 10
2026-08-01 19:49:59 | INFO | ML | Clean rows: 10
2026-08-01 19:49:59 | INFO | ML | Features: ['hours_studied', 'practice_quizzes', 'attendance_pct', 'sleep_hours', 'prior_score']
2026-08-01 19:49:59 | INFO | ML | Target: score
2026-08-01 19:49:59 | INFO | ML | ----- in a script, call plt.show() once at the end to display all charts -----
2026-08-01 19:49:59 | INFO | ML | ----- in a script, CLOSE the chart windows with the close button to CONTINUE -----
2026-08-01 19:50:03 | INFO | ML | Workflow complete
2026-08-01 19:50:03 | INFO | ML | IMPORTANT: This script creates chart windows.
2026-08-01 19:50:03 | INFO | ML | Close chart windows and terminate this process with CTRL+c as needed.
2026-08-01 19:50:03 | INFO | ML | ========================
2026-08-01 19:50:03 | INFO | ML | Executed successfully!
2026-08-01 19:50:03 | INFO | ML | ========================
2026-08-01 19:50:18 | INFO | M05 | === RUN START ===
2026-08-01 19:50:18 | INFO | M05 | project=M05
2026-08-01 19:50:18 | INFO | M05 | repo_dir=ml-05-ensembles
2026-08-01 19:50:18 | INFO | M05 | python=3.14.2
2026-08-01 19:50:18 | INFO | M05 | os=Windows 11
2026-08-01 19:50:18 | INFO | M05 | shell=powershell
2026-08-01 19:50:18 | INFO | M05 | cwd=notebooks
2026-08-01 19:50:18 | INFO | M05 | github_actions=False
2026-08-01 19:50:18 | INFO | M05 | Confirming installation:
2026-08-01 19:50:18 | INFO | M05 |   python:       3.14.2
2026-08-01 19:50:18 | INFO | M05 |   pandas:       3.0.5
2026-08-01 19:50:18 | INFO | M05 |   numpy:        2.5.1
2026-08-01 19:50:18 | INFO | M05 |   scikit-learn: 1.9.0
2026-08-01 19:50:18 | INFO | M05 |   seaborn:      0.13.2
2026-08-01 19:50:18 | INFO | M05 |   matplotlib:   3.11.1
2026-08-01 19:50:18 | INFO | M05 | Loading dataset: penguins
2026-08-01 19:50:18 | INFO | M05 | Loaded: 344 rows (instances), 7 columns
2026-08-01 19:50:18 | INFO | M05 | Original rows: 344
2026-08-01 19:50:18 | INFO | M05 | Model rows:    342
2026-08-01 19:50:18 | INFO | M05 | Classes in target 'species': ['Adelie', 'Chinstrap', 'Gentoo']
2026-08-01 19:50:18 | DEBUG | M05 | Class counts:
species
Adelie       151
Gentoo       123
Chinstrap     68
Name: count, dtype: int64
2026-08-01 19:50:18 | INFO | M05 | Train instances: 273
2026-08-01 19:50:18 | INFO | M05 | Test instances: 69
2026-08-01 19:50:18 | INFO | M05 | Fitting single tree + two ensembles
2026-08-01 19:50:18 | DEBUG | M05 |   fitted: single_tree
2026-08-01 19:50:18 | DEBUG | M05 |   fitted: random_forest
2026-08-01 19:50:19 | DEBUG | M05 |   fitted: gradient_boosting
2026-08-01 19:50:19 | INFO | M05 |   single_tree        test accuracy = 0.986
2026-08-01 19:50:19 | INFO | M05 |   random_forest      test accuracy = 1.000
2026-08-01 19:50:19 | INFO | M05 |   gradient_boosting  test accuracy = 0.986
2026-08-01 19:50:19 | INFO | M05 | Best model: random_forest with test accuracy = 1.000
2026-08-01 19:50:19 | INFO | M05 | Random forest feature importances (high to low):
2026-08-01 19:50:19 | INFO | M05 |   bill_length_mm       0.404
2026-08-01 19:50:19 | INFO | M05 |   flipper_length_mm    0.301
2026-08-01 19:50:19 | INFO | M05 |   bill_depth_mm        0.219
2026-08-01 19:50:19 | INFO | M05 |   body_mass_g          0.076
2026-08-01 19:50:19 | INFO | M05 | ========================
2026-08-01 19:50:19 | INFO | M05 | SUMMARY
2026-08-01 19:50:19 | INFO | M05 | ========================
2026-08-01 19:50:19 | INFO | M05 | Dataset: penguins   Target: species (classification)
2026-08-01 19:50:19 | INFO | M05 | Compared: single tree vs. random forest vs. gradient boosting
2026-08-01 19:50:19 | INFO | M05 | ========================
2026-08-01 19:57:43 | INFO | M05 Modification | === RUN START ===
2026-08-01 19:57:43 | INFO | M05 Modification | project=M05 Modification
2026-08-01 19:57:43 | INFO | M05 Modification | repo_dir=ml-05-ensembles
2026-08-01 19:57:43 | INFO | M05 Modification | python=3.14.2
2026-08-01 19:57:43 | INFO | M05 Modification | os=Windows 11
2026-08-01 19:57:43 | INFO | M05 Modification | shell=powershell
2026-08-01 19:57:43 | INFO | M05 Modification | cwd=notebooks
2026-08-01 19:57:43 | INFO | M05 Modification | github_actions=False
2026-08-01 19:57:43 | INFO | M05 Modification | Confirming installation:
2026-08-01 19:57:43 | INFO | M05 Modification |   python:       3.14.2
2026-08-01 19:57:43 | INFO | M05 Modification |   pandas:       3.0.5
2026-08-01 19:57:43 | INFO | M05 Modification |   numpy:        2.5.1
2026-08-01 19:57:43 | INFO | M05 Modification |   scikit-learn: 1.9.0
2026-08-01 19:57:43 | INFO | M05 Modification |   seaborn:      0.13.2
2026-08-01 19:57:43 | INFO | M05 Modification |   matplotlib:   3.11.1
2026-08-01 19:57:43 | INFO | M05 Modification | Loading dataset: penguins
2026-08-01 19:57:43 | INFO | M05 Modification | Loaded: 344 rows (instances), 7 columns
2026-08-01 19:57:43 | INFO | M05 Modification | Original rows: 344
2026-08-01 19:57:43 | INFO | M05 Modification | Model rows:    333
2026-08-01 19:57:43 | INFO | M05 Modification | Classes in target 'sex': ['Female', 'Male']
2026-08-01 19:57:43 | DEBUG | M05 Modification | Class counts:
sex
Male      168
Female    165
Name: count, dtype: int64
2026-08-01 19:57:43 | INFO | M05 Modification | Train instances: 266
2026-08-01 19:57:43 | INFO | M05 Modification | Test instances: 67
2026-08-01 19:57:43 | INFO | M05 Modification | Fitting single tree + two ensembles
2026-08-01 19:57:43 | DEBUG | M05 Modification |   fitted: single_tree
2026-08-01 19:57:43 | DEBUG | M05 Modification |   fitted: random_forest
2026-08-01 19:57:43 | DEBUG | M05 Modification |   fitted: gradient_boosting
2026-08-01 19:57:43 | INFO | M05 Modification |   single_tree        test accuracy = 0.836
2026-08-01 19:57:43 | INFO | M05 Modification |   random_forest      test accuracy = 0.896
2026-08-01 19:57:43 | INFO | M05 Modification |   gradient_boosting  test accuracy = 0.881
2026-08-01 19:57:44 | INFO | M05 Modification | Best model: random_forest with test accuracy = 0.896
2026-08-01 19:57:44 | INFO | M05 Modification | Random forest feature importances (high to low):
2026-08-01 19:57:44 | INFO | M05 Modification |   bill_depth_mm        0.356
2026-08-01 19:57:44 | INFO | M05 Modification |   body_mass_g          0.325
2026-08-01 19:57:44 | INFO | M05 Modification |   bill_length_mm       0.203
2026-08-01 19:57:44 | INFO | M05 Modification |   flipper_length_mm    0.116
2026-08-01 19:57:44 | INFO | M05 Modification | =========================
2026-08-01 19:57:44 | INFO | M05 Modification | SUMMARY
2026-08-01 19:57:44 | INFO | M05 Modification | =========================
2026-08-01 19:57:44 | INFO | M05 Modification | Dataset: penguins   Target: sex (classification)
2026-08-01 19:57:44 | INFO | M05 Modification | Rows: 333 (266 train / 67 test)
2026-08-01 19:57:44 | INFO | M05 Modification | Compared: single tree vs. random forest vs. gradient boosting
2026-08-01 19:57:44 | INFO | M05 Modification |   single_tree        test accuracy = 0.836
2026-08-01 19:57:44 | INFO | M05 Modification |   random_forest      test accuracy = 0.896
2026-08-01 19:57:44 | INFO | M05 Modification |   gradient_boosting  test accuracy = 0.881
2026-08-01 19:57:44 | INFO | M05 Modification | Best model: random_forest (0.896)
2026-08-01 19:57:44 | INFO | M05 Modification | Gain over single tree: +0.060
2026-08-01 19:57:44 | INFO | M05 Modification | Top feature:     bill_depth_mm (0.356)
2026-08-01 19:57:44 | INFO | M05 Modification | Weakest feature: flipper_length_mm (0.116)
2026-08-01 19:57:44 | INFO | M05 Modification | =========================
2026-08-01 20:03:04 | INFO | M05 Project | === RUN START ===
2026-08-01 20:03:04 | INFO | M05 Project | project=M05 Project
2026-08-01 20:03:04 | INFO | M05 Project | repo_dir=ml-05-ensembles
2026-08-01 20:03:04 | INFO | M05 Project | python=3.14.2
2026-08-01 20:03:04 | INFO | M05 Project | os=Windows 11
2026-08-01 20:03:04 | INFO | M05 Project | shell=powershell
2026-08-01 20:03:04 | INFO | M05 Project | cwd=notebooks
2026-08-01 20:03:04 | INFO | M05 Project | github_actions=False
2026-08-01 20:03:04 | INFO | M05 Project | Confirming installation:
2026-08-01 20:03:04 | INFO | M05 Project |   python:       3.14.2
2026-08-01 20:03:04 | INFO | M05 Project |   pandas:       3.0.5
2026-08-01 20:03:04 | INFO | M05 Project |   numpy:        2.5.1
2026-08-01 20:03:04 | INFO | M05 Project |   scikit-learn: 1.9.0
2026-08-01 20:03:04 | INFO | M05 Project |   seaborn:      0.13.2
2026-08-01 20:03:04 | INFO | M05 Project |   matplotlib:   3.11.1
2026-08-01 20:03:04 | INFO | M05 Project | Loading dataset: insurance
2026-08-01 20:03:04 | INFO | M05 Project | Loaded: 1338 rows (instances), 7 columns
2026-08-01 20:03:04 | INFO | M05 Project | Quartile boundaries (dollars):
2026-08-01 20:03:04 | INFO | M05 Project |   low             1,122 to      4,740
2026-08-01 20:03:04 | INFO | M05 Project |   moderate        4,740 to      9,382
2026-08-01 20:03:04 | INFO | M05 Project |   high            9,382 to     16,640
2026-08-01 20:03:04 | INFO | M05 Project |   very high      16,640 to     63,770
2026-08-01 20:03:04 | INFO | M05 Project | Original rows: 1338
2026-08-01 20:03:04 | INFO | M05 Project | Model rows:    1338
2026-08-01 20:03:04 | INFO | M05 Project | Base features (8): ['age', 'bmi', 'children', 'sex_male', 'smoker_yes', 'region_northwest', 'region_southeast', 'region_southwest']
2026-08-01 20:03:04 | INFO | M05 Project | Plus features (9): ['age', 'bmi', 'children', 'sex_male', 'smoker_yes', 'region_northwest', 'region_southeast', 'region_southwest', 'smoker_bmi']
2026-08-01 20:03:04 | INFO | M05 Project | Classes in target 'charge_class': ['low', 'moderate', 'high', 'very high']
2026-08-01 20:03:04 | DEBUG | M05 Project | Class counts:
charge_class
low          335
moderate     334
high         334
very high    335
Name: count, dtype: int64
2026-08-01 20:03:04 | INFO | M05 Project | Train instances: 1070
2026-08-01 20:03:04 | INFO | M05 Project | Test instances: 268
2026-08-01 20:03:04 | INFO | M05 Project | === Run 1: base features ===
2026-08-01 20:03:04 | INFO | M05 Project | single_tree [base]
2026-08-01 20:03:04 | INFO | M05 Project |   train accuracy 0.8523   test accuracy 0.8396   gap +0.0128
2026-08-01 20:03:04 | INFO | M05 Project |   train F1       0.8526   test F1       0.8397   gap +0.0130
2026-08-01 20:03:04 | INFO | M05 Project |   test precision 0.8562   test recall 0.8396
2026-08-01 20:03:04 | INFO | M05 Project |   test errors 43 of 268
2026-08-01 20:03:04 | INFO | M05 Project |   under-predicted 32   over-predicted 11
2026-08-01 20:03:04 | DEBUG | M05 Project | Confusion matrix (test), rows = actual:
           low  moderate  high  very high
low         60         7     0          0
moderate     2        63     2          0
high         2        10    53          2
very high    8         6     4         49
2026-08-01 20:03:04 | INFO | M05 Project | random_forest [base]
2026-08-01 20:03:04 | INFO | M05 Project |   train accuracy 0.9636   test accuracy 0.8619   gap +0.1016
2026-08-01 20:03:04 | INFO | M05 Project |   train F1       0.9632   test F1       0.8599   gap +0.1032
2026-08-01 20:03:04 | INFO | M05 Project |   test precision 0.8654   test recall 0.8619
2026-08-01 20:03:04 | INFO | M05 Project |   test errors 37 of 268
2026-08-01 20:03:04 | INFO | M05 Project |   under-predicted 28   over-predicted 9
2026-08-01 20:03:04 | DEBUG | M05 Project | Confusion matrix (test), rows = actual:
           low  moderate  high  very high
low         64         2     0          1
moderate     4        62     1          0
high         2         4    56          5
very high    8         4     6         49
2026-08-01 20:03:05 | INFO | M05 Project | voting [base]
2026-08-01 20:03:05 | INFO | M05 Project |   train accuracy 0.9495   test accuracy 0.8694   gap +0.0801
2026-08-01 20:03:05 | INFO | M05 Project |   train F1       0.9487   test F1       0.8677   gap +0.0810
2026-08-01 20:03:05 | INFO | M05 Project |   test precision 0.8708   test recall 0.8694
2026-08-01 20:03:05 | INFO | M05 Project |   test errors 35 of 268
2026-08-01 20:03:05 | INFO | M05 Project |   under-predicted 22   over-predicted 13
2026-08-01 20:03:05 | DEBUG | M05 Project | Confusion matrix (test), rows = actual:
           low  moderate  high  very high
low         63         2     1          1
moderate     2        62     3          0
high         2         0    59          6
very high    8         3     7         49
2026-08-01 20:03:05 | INFO | M05 Project | === Run 2: base features + smoker_bmi ===
2026-08-01 20:03:05 | INFO | M05 Project | single_tree [+smoker_bmi]
2026-08-01 20:03:05 | INFO | M05 Project |   train accuracy 0.8514   test accuracy 0.8358   gap +0.0156
2026-08-01 20:03:05 | INFO | M05 Project |   train F1       0.8516   test F1       0.8358   gap +0.0158
2026-08-01 20:03:05 | INFO | M05 Project |   test precision 0.8530   test recall 0.8358
2026-08-01 20:03:05 | INFO | M05 Project |   test errors 44 of 268
2026-08-01 20:03:05 | INFO | M05 Project |   under-predicted 33   over-predicted 11
2026-08-01 20:03:05 | DEBUG | M05 Project | Confusion matrix (test), rows = actual:
           low  moderate  high  very high
low         60         7     0          0
moderate     2        63     2          0
high         3        10    52          2
very high    8         6     4         49
2026-08-01 20:03:05 | INFO | M05 Project | random_forest [+smoker_bmi]
2026-08-01 20:03:05 | INFO | M05 Project |   train accuracy 0.9598   test accuracy 0.8769   gap +0.0829
2026-08-01 20:03:05 | INFO | M05 Project |   train F1       0.9594   test F1       0.8748   gap +0.0846
2026-08-01 20:03:05 | INFO | M05 Project |   test precision 0.8800   test recall 0.8769
2026-08-01 20:03:05 | INFO | M05 Project |   test errors 33 of 268
2026-08-01 20:03:05 | INFO | M05 Project |   under-predicted 25   over-predicted 8
2026-08-01 20:03:05 | DEBUG | M05 Project | Confusion matrix (test), rows = actual:
           low  moderate  high  very high
low         64         2     0          1
moderate     3        63     1          0
high         2         2    59          4
very high    8         4     6         49
2026-08-01 20:03:06 | INFO | M05 Project | voting [+smoker_bmi]
2026-08-01 20:03:06 | INFO | M05 Project |   train accuracy 0.9449   test accuracy 0.8731   gap +0.0717
2026-08-01 20:03:06 | INFO | M05 Project |   train F1       0.9438   test F1       0.8713   gap +0.0725
2026-08-01 20:03:06 | INFO | M05 Project |   test precision 0.8741   test recall 0.8731
2026-08-01 20:03:06 | INFO | M05 Project |   test errors 34 of 268
2026-08-01 20:03:06 | INFO | M05 Project |   under-predicted 22   over-predicted 12
2026-08-01 20:03:06 | DEBUG | M05 Project | Confusion matrix (test), rows = actual:
           low  moderate  high  very high
low         63         2     1          1
moderate     2        63     2          0
high         2         0    59          6
very high    8         3     7         49
2026-08-01 20:03:06 | INFO | M05 Project | Results table:
           Model     Features  Train Accuracy  Test Accuracy  Test Precision  Test Recall  Accuracy Gap  Test Errors  \
0    single_tree         base          0.8523         0.8396          0.8562       0.8396        0.0128           43   
1  random_forest         base          0.9636         0.8619          0.8654       0.8619        0.1016           37   
2         voting         base          0.9495         0.8694          0.8708       0.8694        0.0801           35   
3    single_tree  +smoker_bmi          0.8514         0.8358          0.8530       0.8358        0.0156           44   
4  random_forest  +smoker_bmi          0.9598         0.8769          0.8800       0.8769        0.0829           33   
5         voting  +smoker_bmi          0.9449         0.8731          0.8741       0.8731        0.0717           34   

   Under  Over  Train F1  Test F1  F1 Gap  
0     32    11    0.8526   0.8397  0.0130  
1     28     9    0.9632   0.8599  0.1032  
2     22    13    0.9487   0.8677  0.0810  
3     33    11    0.8516   0.8358  0.0158  
4     25     8    0.9594   0.8748  0.0846  
5     22    12    0.9438   0.8713  0.0725  
2026-08-01 20:03:07 | INFO | M05 Project | Test accuracy by feature set:
Features       +smoker_bmi    base  change
Model                                     
random_forest       0.8769  0.8619  0.0149
single_tree         0.8358  0.8396 -0.0037
voting              0.8731  0.8694  0.0037
2026-08-01 20:03:07 | INFO | M05 Project | Best model: random_forest [+smoker_bmi] with test accuracy = 0.8769
2026-08-01 20:03:07 | INFO | M05 Project | Random forest feature importances (high to low, +smoker_bmi run):
2026-08-01 20:03:07 | INFO | M05 Project |   age                  base 0.481   +smoker_bmi 0.505
2026-08-01 20:03:07 | INFO | M05 Project |   smoker_bmi           base    -   +smoker_bmi 0.152
2026-08-01 20:03:07 | INFO | M05 Project |   smoker_yes           base 0.256   +smoker_bmi 0.118
2026-08-01 20:03:07 | INFO | M05 Project |   bmi                  base 0.138   +smoker_bmi 0.106
2026-08-01 20:03:07 | INFO | M05 Project |   children             base 0.074   +smoker_bmi 0.072
2026-08-01 20:03:07 | INFO | M05 Project |   sex_male             base 0.017   +smoker_bmi 0.017
2026-08-01 20:03:07 | INFO | M05 Project |   region_southeast     base 0.013   +smoker_bmi 0.011
2026-08-01 20:03:07 | INFO | M05 Project |   region_southwest     base 0.011   +smoker_bmi 0.010
2026-08-01 20:03:07 | INFO | M05 Project |   region_northwest     base 0.010   +smoker_bmi 0.008
2026-08-01 20:03:07 | INFO | M05 Project | =========================
2026-08-01 20:03:07 | INFO | M05 Project | SUMMARY
2026-08-01 20:03:07 | INFO | M05 Project | =========================
2026-08-01 20:03:07 | INFO | M05 Project | Dataset: insurance   Target: charge_class (classification)
2026-08-01 20:03:07 | INFO | M05 Project | Classes: ['low', 'moderate', 'high', 'very high'] (quartiles of charges)
2026-08-01 20:03:07 | INFO | M05 Project | Rows: 1338 (1070 train / 268 test)
2026-08-01 20:03:07 | INFO | M05 Project | Compared: single tree vs. random forest vs. voting classifier
2026-08-01 20:03:07 | INFO | M05 Project | Each fit twice: base features, then with smoker_bmi added
2026-08-01 20:03:07 | INFO | M05 Project | -------------------------
2026-08-01 20:03:07 | INFO | M05 Project | Test accuracy by feature set:
Features       +smoker_bmi    base  change
Model                                     
random_forest       0.8769  0.8619  0.0149
single_tree         0.8358  0.8396 -0.0037
voting              0.8731  0.8694  0.0037
2026-08-01 20:03:07 | INFO | M05 Project | -------------------------
2026-08-01 20:03:07 | INFO | M05 Project | Best model: random_forest [+smoker_bmi] accuracy 0.8769, F1 0.8748
2026-08-01 20:03:07 | INFO | M05 Project | Baseline for comparison: single tree [base] accuracy 0.8396
2026-08-01 20:03:07 | INFO | M05 Project | Top feature:     age (0.505)
2026-08-01 20:03:07 | INFO | M05 Project | Weakest feature: region_northwest (0.008)
2026-08-01 20:03:07 | INFO | M05 Project | =========================
2026-08-01 20:05:10 | INFO | ML | === RUN START ===
2026-08-01 20:05:10 | INFO | ML | project=ML
2026-08-01 20:05:10 | INFO | ML | repo_dir=ml-05-ensembles
2026-08-01 20:05:10 | INFO | ML | python=3.14.2
2026-08-01 20:05:10 | INFO | ML | os=Windows 11
2026-08-01 20:05:10 | INFO | ML | shell=powershell
2026-08-01 20:05:10 | INFO | ML | cwd=.
2026-08-01 20:05:10 | INFO | ML | github_actions=False
